type: app
version: "1.0"
platform: esp8266
platforms:
__ALL_PLATFORMS__
author: mongoose-os
description: My test app
sources:
- __APP_ROOT__/app/src/app_src1.c
- __APP_ROOT__/app/src/app_src2.c
- __APP_ROOT__/app/src/app_src3.c
modules:
- location: https://github.com/cesanta/mongoose-os
  version: "0.01"
  name: mongoose-os
no_implicit_init_deps: true
build_vars:
  BOARD: ""
  MGOS: "1"
cdefs:
  MGOS: "1"
libs_version: "0.01"
modules_version: "0.01"
mongoose_os_version: "0.01"
manifest_version: "2018-06-20"
