libs:
- name: core
  location: https://github.com/mongoose-os-libs/core
  version: "1.0"
- name: mylib1
  location: https://github.com/mongoose-os-libs/mylib1
  version: "1.0"
- name: mylib2
  location: https://github.com/mongoose-os-libs/mylib2
  version: "1.0"
modules:
- name: mongoose-os
  location: https://github.com/cesanta/mongoose-os
manifest_version: "2021-03-26"
