name: app
type: app
platform: esp8266
platforms:
__ALL_PLATFORMS__
sources:
- __APP_ROOT__/app/build/gen/mgos_deps_init.c
modules:
- name: mongoose-os
  location: https://github.com/cesanta/mongoose-os
  version: "0.01"
no_implicit_init_deps: true
build_vars:
  BOARD: ""
  MGOS: "1"
cdefs:
  MGOS: "1"
libs_version: "0.01"
modules_version: "0.01"
mongoose_os_version: "0.01"
manifest_version: "2019-04-26"
