app_name: app
libs:
- name: core
  location: https://github.com/mongoose-os-libs/core
  version: "0.01"
  user_version: "1.0"
- name: mylib1
  location: https://github.com/mongoose-os-libs/mylib1
  version: "0.01"
  user_version: "2.0"
- name: mylib2
  location: https://github.com/mongoose-os-libs/mylib2
  version: "0.01"
  user_version: "1.0"
- name: mylib3
  location: https://github.com/mongoose-os-libs/mylib3
  version: "0.01"
  user_version: "1.0"
- name: mylib4
  location: https://github.com/mongoose-os-libs/mylib4
  version: "0.01"
  user_version: "1.0"
modules:
- name: mongoose-os
  location: https://github.com/cesanta/mongoose-os
  version: "0.01"
manifest_version: "2021-03-26"
