libs:
- name: core
  location: https://github.com/mongoose-os-libs/core
- name: lib1
  location: libs/lib1
- name: mylib2
  location: libs/mylib2
modules:
- name: mongoose-os
  location: https://github.com/cesanta/mongoose-os
manifest_version: "2021-03-26"
