Library "lib1" at "libs/mylib1" is referred to as "mylib1" from "test_manifests/testset_10_lib_name_settings/test_08_lib_ref_name_mismatch/app/mos.yml"
