name: test-app
type: app
version: "1.0"
platform: esp8266
platforms:
__ALL_PLATFORMS__
author: mongoose-os
description: My nolibs app
sources:
- __APP_ROOT__/app/src/bar.c
- __APP_ROOT__/app/src/foo.c
- __APP_ROOT__/app/build/gen/mgos_deps_init.c
filesystem:
- __APP_ROOT__/app/fs/myfile
modules:
- location: https://github.com/cesanta/mongoose-os
  version: 1.2.3
  name: mongoose-os
no_implicit_init_deps: true
build_vars:
  BOARD: ""
  MGOS: "1"
cdefs:
  MGOS: "1"
libs_version: "0.01"
modules_version: "0.01"
mongoose_os_version: 1.2.3
manifest_version: "2018-06-20"
